Apr 27, 2014 1:09:38 AM UIinteraction$ onLogin
INFO: My first log
Apr 27, 2014 1:10:14 AM MulticastService displayRefreshBuf
INFO: Msg 0 :javax.swing.ImageIcon@53145f67
